Archive member included to satisfy reference by file (symbol)

c:/program files (x86)/atmel/studio/7.0/toolchain/avr8/avr8-gnu-toolchain/bin/../lib/gcc/avr/5.4.0/avr5\libgcc.a(_udivmodsi4.o)
                              HAL/LCD/LCD_Core.o (__udivmodsi4)
c:/program files (x86)/atmel/studio/7.0/toolchain/avr8/avr8-gnu-toolchain/bin/../lib/gcc/avr/5.4.0/avr5\libgcc.a(_divmodsi4.o)
                              HAL/LCD/LCD_Core.o (__divmodsi4)
c:/program files (x86)/atmel/studio/7.0/toolchain/avr8/avr8-gnu-toolchain/bin/../lib/gcc/avr/5.4.0/avr5\libgcc.a(_negsi2.o)
                              c:/program files (x86)/atmel/studio/7.0/toolchain/avr8/avr8-gnu-toolchain/bin/../lib/gcc/avr/5.4.0/avr5\libgcc.a(_divmodsi4.o) (__negsi2)
c:/program files (x86)/atmel/studio/7.0/toolchain/avr8/avr8-gnu-toolchain/bin/../lib/gcc/avr/5.4.0/avr5\libgcc.a(_exit.o)
                              C:/Program Files (x86)/Atmel/Studio/7.0/Packs/atmel/ATmega_DFP/1.7.374/gcc/dev/atmega32/avr5/crtatmega32.o (exit)
c:/program files (x86)/atmel/studio/7.0/toolchain/avr8/avr8-gnu-toolchain/bin/../lib/gcc/avr/5.4.0/avr5\libgcc.a(_tablejump2.o)
                              HAL/SVN_Segment/SVN_Segment.o (__tablejump2__)
c:/program files (x86)/atmel/studio/7.0/toolchain/avr8/avr8-gnu-toolchain/bin/../lib/gcc/avr/5.4.0/avr5\libgcc.a(_copy_data.o)
                              APP/CFG/KeyPad_Cfg.o (__do_copy_data)
c:/program files (x86)/atmel/studio/7.0/toolchain/avr8/avr8-gnu-toolchain/bin/../lib/gcc/avr/5.4.0/avr5\libgcc.a(_clear_bss.o)
                              MCAL/ADC/ADC_Core.o (__do_clear_bss)
c:/program files (x86)/atmel/studio/7.0/toolchain/avr8/avr8-gnu-toolchain/bin/../lib/gcc/avr/5.4.0/avr5\libgcc.a(_umulhisi3.o)
                              HAL/SVN_Segment/SVN_Segment.o (__umulhisi3)

Allocating common symbols
Common symbol       size              file

ADC_VinValue_mv     0x4               MCAL/ADC/ADC_Core.o

Discarded input sections

 .data          0x00000000        0x0 C:/Program Files (x86)/Atmel/Studio/7.0/Packs/atmel/ATmega_DFP/1.7.374/gcc/dev/atmega32/avr5/crtatmega32.o
 .bss           0x00000000        0x0 C:/Program Files (x86)/Atmel/Studio/7.0/Packs/atmel/ATmega_DFP/1.7.374/gcc/dev/atmega32/avr5/crtatmega32.o
 .text          0x00000000        0x0 APP/Application/main.o
 .data          0x00000000        0x0 APP/Application/main.o
 .bss           0x00000000        0x0 APP/Application/main.o
 .text          0x00000000        0x0 APP/CFG/KeyPad_Cfg.o
 .data          0x00000000        0x0 APP/CFG/KeyPad_Cfg.o
 .bss           0x00000000        0x0 APP/CFG/KeyPad_Cfg.o
 .rodata.KEYPAD_VALUES
                0x00000000       0x10 APP/CFG/KeyPad_Cfg.o
 .debug_info    0x00000000       0x9a APP/CFG/KeyPad_Cfg.o
 .debug_abbrev  0x00000000       0x52 APP/CFG/KeyPad_Cfg.o
 .debug_aranges
                0x00000000       0x18 APP/CFG/KeyPad_Cfg.o
 .debug_line    0x00000000       0x45 APP/CFG/KeyPad_Cfg.o
 .debug_str     0x00000000      0x174 APP/CFG/KeyPad_Cfg.o
 .comment       0x00000000       0x31 APP/CFG/KeyPad_Cfg.o
 .text          0x00000000        0x0 APP/CFG/LCD_Cfg.o
 .data          0x00000000        0x0 APP/CFG/LCD_Cfg.o
 .bss           0x00000000        0x0 APP/CFG/LCD_Cfg.o
 .rodata.LCD_CUSTOM_CHARACTERS_g
                0x00000000       0x40 APP/CFG/LCD_Cfg.o
 .debug_info    0x00000000       0x9a APP/CFG/LCD_Cfg.o
 .debug_abbrev  0x00000000       0x52 APP/CFG/LCD_Cfg.o
 .debug_aranges
                0x00000000       0x18 APP/CFG/LCD_Cfg.o
 .debug_line    0x00000000       0x42 APP/CFG/LCD_Cfg.o
 .debug_str     0x00000000      0x17b APP/CFG/LCD_Cfg.o
 .comment       0x00000000       0x31 APP/CFG/LCD_Cfg.o
 .text          0x00000000        0x0 APP/CFG/PORT_Lcfg.o
 .data          0x00000000        0x0 APP/CFG/PORT_Lcfg.o
 .bss           0x00000000        0x0 APP/CFG/PORT_Lcfg.o
 .text          0x00000000        0x0 HAL/Button/Button_Core.o
 .data          0x00000000        0x0 HAL/Button/Button_Core.o
 .bss           0x00000000        0x0 HAL/Button/Button_Core.o
 .text.Button_Init
                0x00000000       0x18 HAL/Button/Button_Core.o
 .text.Button_GetValue
                0x00000000       0x4a HAL/Button/Button_Core.o
 .debug_info    0x00000000      0x1fd HAL/Button/Button_Core.o
 .debug_abbrev  0x00000000      0x165 HAL/Button/Button_Core.o
 .debug_loc     0x00000000       0xc9 HAL/Button/Button_Core.o
 .debug_aranges
                0x00000000       0x28 HAL/Button/Button_Core.o
 .debug_ranges  0x00000000       0x18 HAL/Button/Button_Core.o
 .debug_line    0x00000000      0x191 HAL/Button/Button_Core.o
 .debug_str     0x00000000      0x22b HAL/Button/Button_Core.o
 .comment       0x00000000       0x31 HAL/Button/Button_Core.o
 .debug_frame   0x00000000       0x4c HAL/Button/Button_Core.o
 .text          0x00000000        0x0 HAL/KeyPad/KeyPad_Core.o
 .data          0x00000000        0x0 HAL/KeyPad/KeyPad_Core.o
 .bss           0x00000000        0x0 HAL/KeyPad/KeyPad_Core.o
 .text.KeyPad_Init
                0x00000000       0x22 HAL/KeyPad/KeyPad_Core.o
 .text.KeyPad_GetValue
                0x00000000       0xa4 HAL/KeyPad/KeyPad_Core.o
 .debug_info    0x00000000      0x2c3 HAL/KeyPad/KeyPad_Core.o
 .debug_abbrev  0x00000000      0x16d HAL/KeyPad/KeyPad_Core.o
 .debug_loc     0x00000000      0x137 HAL/KeyPad/KeyPad_Core.o
 .debug_aranges
                0x00000000       0x28 HAL/KeyPad/KeyPad_Core.o
 .debug_ranges  0x00000000       0x18 HAL/KeyPad/KeyPad_Core.o
 .debug_line    0x00000000      0x21a HAL/KeyPad/KeyPad_Core.o
 .debug_str     0x00000000      0x283 HAL/KeyPad/KeyPad_Core.o
 .comment       0x00000000       0x31 HAL/KeyPad/KeyPad_Core.o
 .debug_frame   0x00000000       0x54 HAL/KeyPad/KeyPad_Core.o
 .text          0x00000000        0x0 HAL/LCD/LCD_Core.o
 .data          0x00000000        0x0 HAL/LCD/LCD_Core.o
 .bss           0x00000000        0x0 HAL/LCD/LCD_Core.o
 .text.LCD_WriteString
                0x00000000       0x26 HAL/LCD/LCD_Core.o
 .text.LCD_Clear
                0x00000000        0x8 HAL/LCD/LCD_Core.o
 .text.LCD_SetCustomChar
                0x00000000       0x42 HAL/LCD/LCD_Core.o
 .text.LCD_WriteCustomChar
                0x00000000       0x26 HAL/LCD/LCD_Core.o
 .text          0x00000000        0x0 HAL/LED/LED_Core.o
 .data          0x00000000        0x0 HAL/LED/LED_Core.o
 .bss           0x00000000        0x0 HAL/LED/LED_Core.o
 .text.LED_ON   0x00000000        0x8 HAL/LED/LED_Core.o
 .text.LED_OFF  0x00000000        0x8 HAL/LED/LED_Core.o
 .text          0x00000000        0x0 HAL/SVN_Segment/SVN_Segment.o
 .data          0x00000000        0x0 HAL/SVN_Segment/SVN_Segment.o
 .bss           0x00000000        0x0 HAL/SVN_Segment/SVN_Segment.o
 .text.SVN_Init
                0x00000000       0x32 HAL/SVN_Segment/SVN_Segment.o
 .text.Select_Digit
                0x00000000       0x64 HAL/SVN_Segment/SVN_Segment.o
 .text.Display_Digit
                0x00000000      0x174 HAL/SVN_Segment/SVN_Segment.o
 .progmem.gcc_sw_table.Display_Digit
                0x00000000       0x14 HAL/SVN_Segment/SVN_Segment.o
 .text.Display_Number
                0x00000000      0x126 HAL/SVN_Segment/SVN_Segment.o
 .debug_info    0x00000000      0x6f1 HAL/SVN_Segment/SVN_Segment.o
 .debug_abbrev  0x00000000      0x180 HAL/SVN_Segment/SVN_Segment.o
 .debug_loc     0x00000000      0x22f HAL/SVN_Segment/SVN_Segment.o
 .debug_aranges
                0x00000000       0x38 HAL/SVN_Segment/SVN_Segment.o
 .debug_ranges  0x00000000       0x28 HAL/SVN_Segment/SVN_Segment.o
 .debug_line    0x00000000      0x36f HAL/SVN_Segment/SVN_Segment.o
 .debug_str     0x00000000      0x246 HAL/SVN_Segment/SVN_Segment.o
 .comment       0x00000000       0x31 HAL/SVN_Segment/SVN_Segment.o
 .debug_frame   0x00000000       0x7c HAL/SVN_Segment/SVN_Segment.o
 .text          0x00000000        0x0 MCAL/ADC/ADC_Core.o
 .data          0x00000000        0x0 MCAL/ADC/ADC_Core.o
 .bss           0x00000000        0x0 MCAL/ADC/ADC_Core.o
 .text          0x00000000        0x0 MCAL/DIO/DIO_Core.o
 .data          0x00000000        0x0 MCAL/DIO/DIO_Core.o
 .bss           0x00000000        0x0 MCAL/DIO/DIO_Core.o
 .text.DIO_ReadChannel
                0x00000000       0x82 MCAL/DIO/DIO_Core.o
 .text.DIO_SetPullUp
                0x00000000       0x82 MCAL/DIO/DIO_Core.o
 .text.DIO_WritePORTValue
                0x00000000       0x20 MCAL/DIO/DIO_Core.o
 .text.DIO_ReadPORTValue
                0x00000000       0x30 MCAL/DIO/DIO_Core.o
 .text          0x00000000        0x0 MCAL/IRQH/IRQH_Core.o
 .data          0x00000000        0x0 MCAL/IRQH/IRQH_Core.o
 .bss           0x00000000        0x0 MCAL/IRQH/IRQH_Core.o
 .text.IRQH_SetExternalINT
                0x00000000       0x32 MCAL/IRQH/IRQH_Core.o
 .text          0x00000000        0x0 MCAL/PORT/PORT_Core.o
 .data          0x00000000        0x0 MCAL/PORT/PORT_Core.o
 .bss           0x00000000        0x0 MCAL/PORT/PORT_Core.o
 .text          0x00000000        0x0 c:/program files (x86)/atmel/studio/7.0/toolchain/avr8/avr8-gnu-toolchain/bin/../lib/gcc/avr/5.4.0/avr5\libgcc.a(_udivmodsi4.o)
 .data          0x00000000        0x0 c:/program files (x86)/atmel/studio/7.0/toolchain/avr8/avr8-gnu-toolchain/bin/../lib/gcc/avr/5.4.0/avr5\libgcc.a(_udivmodsi4.o)
 .bss           0x00000000        0x0 c:/program files (x86)/atmel/studio/7.0/toolchain/avr8/avr8-gnu-toolchain/bin/../lib/gcc/avr/5.4.0/avr5\libgcc.a(_udivmodsi4.o)
 .text.libgcc.mul
                0x00000000        0x0 c:/program files (x86)/atmel/studio/7.0/toolchain/avr8/avr8-gnu-toolchain/bin/../lib/gcc/avr/5.4.0/avr5\libgcc.a(_udivmodsi4.o)
 .text.libgcc   0x00000000        0x0 c:/program files (x86)/atmel/studio/7.0/toolchain/avr8/avr8-gnu-toolchain/bin/../lib/gcc/avr/5.4.0/avr5\libgcc.a(_udivmodsi4.o)
 .text.libgcc.prologue
                0x00000000        0x0 c:/program files (x86)/atmel/studio/7.0/toolchain/avr8/avr8-gnu-toolchain/bin/../lib/gcc/avr/5.4.0/avr5\libgcc.a(_udivmodsi4.o)
 .text.libgcc.builtins
                0x00000000        0x0 c:/program files (x86)/atmel/studio/7.0/toolchain/avr8/avr8-gnu-toolchain/bin/../lib/gcc/avr/5.4.0/avr5\libgcc.a(_udivmodsi4.o)
 .text.libgcc.fmul
                0x00000000        0x0 c:/program files (x86)/atmel/studio/7.0/toolchain/avr8/avr8-gnu-toolchain/bin/../lib/gcc/avr/5.4.0/avr5\libgcc.a(_udivmodsi4.o)
 .text.libgcc.fixed
                0x00000000        0x0 c:/program files (x86)/atmel/studio/7.0/toolchain/avr8/avr8-gnu-toolchain/bin/../lib/gcc/avr/5.4.0/avr5\libgcc.a(_udivmodsi4.o)
 .text          0x00000000        0x0 c:/program files (x86)/atmel/studio/7.0/toolchain/avr8/avr8-gnu-toolchain/bin/../lib/gcc/avr/5.4.0/avr5\libgcc.a(_divmodsi4.o)
 .data          0x00000000        0x0 c:/program files (x86)/atmel/studio/7.0/toolchain/avr8/avr8-gnu-toolchain/bin/../lib/gcc/avr/5.4.0/avr5\libgcc.a(_divmodsi4.o)
 .bss           0x00000000        0x0 c:/program files (x86)/atmel/studio/7.0/toolchain/avr8/avr8-gnu-toolchain/bin/../lib/gcc/avr/5.4.0/avr5\libgcc.a(_divmodsi4.o)
 .text.libgcc.mul
                0x00000000        0x0 c:/program files (x86)/atmel/studio/7.0/toolchain/avr8/avr8-gnu-toolchain/bin/../lib/gcc/avr/5.4.0/avr5\libgcc.a(_divmodsi4.o)
 .text.libgcc   0x00000000        0x0 c:/program files (x86)/atmel/studio/7.0/toolchain/avr8/avr8-gnu-toolchain/bin/../lib/gcc/avr/5.4.0/avr5\libgcc.a(_divmodsi4.o)
 .text.libgcc.prologue
                0x00000000        0x0 c:/program files (x86)/atmel/studio/7.0/toolchain/avr8/avr8-gnu-toolchain/bin/../lib/gcc/avr/5.4.0/avr5\libgcc.a(_divmodsi4.o)
 .text.libgcc.builtins
                0x00000000        0x0 c:/program files (x86)/atmel/studio/7.0/toolchain/avr8/avr8-gnu-toolchain/bin/../lib/gcc/avr/5.4.0/avr5\libgcc.a(_divmodsi4.o)
 .text.libgcc.fmul
                0x00000000        0x0 c:/program files (x86)/atmel/studio/7.0/toolchain/avr8/avr8-gnu-toolchain/bin/../lib/gcc/avr/5.4.0/avr5\libgcc.a(_divmodsi4.o)
 .text.libgcc.fixed
                0x00000000        0x0 c:/program files (x86)/atmel/studio/7.0/toolchain/avr8/avr8-gnu-toolchain/bin/../lib/gcc/avr/5.4.0/avr5\libgcc.a(_divmodsi4.o)
 .text          0x00000000        0x0 c:/program files (x86)/atmel/studio/7.0/toolchain/avr8/avr8-gnu-toolchain/bin/../lib/gcc/avr/5.4.0/avr5\libgcc.a(_negsi2.o)
 .data          0x00000000        0x0 c:/program files (x86)/atmel/studio/7.0/toolchain/avr8/avr8-gnu-toolchain/bin/../lib/gcc/avr/5.4.0/avr5\libgcc.a(_negsi2.o)
 .bss           0x00000000        0x0 c:/program files (x86)/atmel/studio/7.0/toolchain/avr8/avr8-gnu-toolchain/bin/../lib/gcc/avr/5.4.0/avr5\libgcc.a(_negsi2.o)
 .text.libgcc.mul
                0x00000000        0x0 c:/program files (x86)/atmel/studio/7.0/toolchain/avr8/avr8-gnu-toolchain/bin/../lib/gcc/avr/5.4.0/avr5\libgcc.a(_negsi2.o)
 .text.libgcc   0x00000000        0x0 c:/program files (x86)/atmel/studio/7.0/toolchain/avr8/avr8-gnu-toolchain/bin/../lib/gcc/avr/5.4.0/avr5\libgcc.a(_negsi2.o)
 .text.libgcc.prologue
                0x00000000        0x0 c:/program files (x86)/atmel/studio/7.0/toolchain/avr8/avr8-gnu-toolchain/bin/../lib/gcc/avr/5.4.0/avr5\libgcc.a(_negsi2.o)
 .text.libgcc.builtins
                0x00000000        0x0 c:/program files (x86)/atmel/studio/7.0/toolchain/avr8/avr8-gnu-toolchain/bin/../lib/gcc/avr/5.4.0/avr5\libgcc.a(_negsi2.o)
 .text.libgcc.fmul
                0x00000000        0x0 c:/program files (x86)/atmel/studio/7.0/toolchain/avr8/avr8-gnu-toolchain/bin/../lib/gcc/avr/5.4.0/avr5\libgcc.a(_negsi2.o)
 .text.libgcc.fixed
                0x00000000        0x0 c:/program files (x86)/atmel/studio/7.0/toolchain/avr8/avr8-gnu-toolchain/bin/../lib/gcc/avr/5.4.0/avr5\libgcc.a(_negsi2.o)
 .text          0x00000000        0x0 c:/program files (x86)/atmel/studio/7.0/toolchain/avr8/avr8-gnu-toolchain/bin/../lib/gcc/avr/5.4.0/avr5\libgcc.a(_exit.o)
 .data          0x00000000        0x0 c:/program files (x86)/atmel/studio/7.0/toolchain/avr8/avr8-gnu-toolchain/bin/../lib/gcc/avr/5.4.0/avr5\libgcc.a(_exit.o)
 .bss           0x00000000        0x0 c:/program files (x86)/atmel/studio/7.0/toolchain/avr8/avr8-gnu-toolchain/bin/../lib/gcc/avr/5.4.0/avr5\libgcc.a(_exit.o)
 .text.libgcc.mul
                0x00000000        0x0 c:/program files (x86)/atmel/studio/7.0/toolchain/avr8/avr8-gnu-toolchain/bin/../lib/gcc/avr/5.4.0/avr5\libgcc.a(_exit.o)
 .text.libgcc.div
                0x00000000        0x0 c:/program files (x86)/atmel/studio/7.0/toolchain/avr8/avr8-gnu-toolchain/bin/../lib/gcc/avr/5.4.0/avr5\libgcc.a(_exit.o)
 .text.libgcc   0x00000000        0x0 c:/program files (x86)/atmel/studio/7.0/toolchain/avr8/avr8-gnu-toolchain/bin/../lib/gcc/avr/5.4.0/avr5\libgcc.a(_exit.o)
 .text.libgcc.prologue
                0x00000000        0x0 c:/program files (x86)/atmel/studio/7.0/toolchain/avr8/avr8-gnu-toolchain/bin/../lib/gcc/avr/5.4.0/avr5\libgcc.a(_exit.o)
 .text.libgcc.builtins
                0x00000000        0x0 c:/program files (x86)/atmel/studio/7.0/toolchain/avr8/avr8-gnu-toolchain/bin/../lib/gcc/avr/5.4.0/avr5\libgcc.a(_exit.o)
 .text.libgcc.fmul
                0x00000000        0x0 c:/program files (x86)/atmel/studio/7.0/toolchain/avr8/avr8-gnu-toolchain/bin/../lib/gcc/avr/5.4.0/avr5\libgcc.a(_exit.o)
 .text.libgcc.fixed
                0x00000000        0x0 c:/program files (x86)/atmel/studio/7.0/toolchain/avr8/avr8-gnu-toolchain/bin/../lib/gcc/avr/5.4.0/avr5\libgcc.a(_exit.o)
 .text          0x00000000        0x0 c:/program files (x86)/atmel/studio/7.0/toolchain/avr8/avr8-gnu-toolchain/bin/../lib/gcc/avr/5.4.0/avr5\libgcc.a(_tablejump2.o)
 .data          0x00000000        0x0 c:/program files (x86)/atmel/studio/7.0/toolchain/avr8/avr8-gnu-toolchain/bin/../lib/gcc/avr/5.4.0/avr5\libgcc.a(_tablejump2.o)
 .bss           0x00000000        0x0 c:/program files (x86)/atmel/studio/7.0/toolchain/avr8/avr8-gnu-toolchain/bin/../lib/gcc/avr/5.4.0/avr5\libgcc.a(_tablejump2.o)
 .text.libgcc.mul
                0x00000000        0x0 c:/program files (x86)/atmel/studio/7.0/toolchain/avr8/avr8-gnu-toolchain/bin/../lib/gcc/avr/5.4.0/avr5\libgcc.a(_tablejump2.o)
 .text.libgcc.div
                0x00000000        0x0 c:/program files (x86)/atmel/studio/7.0/toolchain/avr8/avr8-gnu-toolchain/bin/../lib/gcc/avr/5.4.0/avr5\libgcc.a(_tablejump2.o)
 .text.libgcc   0x00000000        0xc c:/program files (x86)/atmel/studio/7.0/toolchain/avr8/avr8-gnu-toolchain/bin/../lib/gcc/avr/5.4.0/avr5\libgcc.a(_tablejump2.o)
 .text.libgcc.prologue
                0x00000000        0x0 c:/program files (x86)/atmel/studio/7.0/toolchain/avr8/avr8-gnu-toolchain/bin/../lib/gcc/avr/5.4.0/avr5\libgcc.a(_tablejump2.o)
 .text.libgcc.builtins
                0x00000000        0x0 c:/program files (x86)/atmel/studio/7.0/toolchain/avr8/avr8-gnu-toolchain/bin/../lib/gcc/avr/5.4.0/avr5\libgcc.a(_tablejump2.o)
 .text.libgcc.fmul
                0x00000000        0x0 c:/program files (x86)/atmel/studio/7.0/toolchain/avr8/avr8-gnu-toolchain/bin/../lib/gcc/avr/5.4.0/avr5\libgcc.a(_tablejump2.o)
 .text.libgcc.fixed
                0x00000000        0x0 c:/program files (x86)/atmel/studio/7.0/toolchain/avr8/avr8-gnu-toolchain/bin/../lib/gcc/avr/5.4.0/avr5\libgcc.a(_tablejump2.o)
 .text          0x00000000        0x0 c:/program files (x86)/atmel/studio/7.0/toolchain/avr8/avr8-gnu-toolchain/bin/../lib/gcc/avr/5.4.0/avr5\libgcc.a(_copy_data.o)
 .data          0x00000000        0x0 c:/program files (x86)/atmel/studio/7.0/toolchain/avr8/avr8-gnu-toolchain/bin/../lib/gcc/avr/5.4.0/avr5\libgcc.a(_copy_data.o)
 .bss           0x00000000        0x0 c:/program files (x86)/atmel/studio/7.0/toolchain/avr8/avr8-gnu-toolchain/bin/../lib/gcc/avr/5.4.0/avr5\libgcc.a(_copy_data.o)
 .text.libgcc.mul
                0x00000000        0x0 c:/program files (x86)/atmel/studio/7.0/toolchain/avr8/avr8-gnu-toolchain/bin/../lib/gcc/avr/5.4.0/avr5\libgcc.a(_copy_data.o)
 .text.libgcc.div
                0x00000000        0x0 c:/program files (x86)/atmel/studio/7.0/toolchain/avr8/avr8-gnu-toolchain/bin/../lib/gcc/avr/5.4.0/avr5\libgcc.a(_copy_data.o)
 .text.libgcc   0x00000000        0x0 c:/program files (x86)/atmel/studio/7.0/toolchain/avr8/avr8-gnu-toolchain/bin/../lib/gcc/avr/5.4.0/avr5\libgcc.a(_copy_data.o)
 .text.libgcc.prologue
                0x00000000        0x0 c:/program files (x86)/atmel/studio/7.0/toolchain/avr8/avr8-gnu-toolchain/bin/../lib/gcc/avr/5.4.0/avr5\libgcc.a(_copy_data.o)
 .text.libgcc.builtins
                0x00000000        0x0 c:/program files (x86)/atmel/studio/7.0/toolchain/avr8/avr8-gnu-toolchain/bin/../lib/gcc/avr/5.4.0/avr5\libgcc.a(_copy_data.o)
 .text.libgcc.fmul
                0x00000000        0x0 c:/program files (x86)/atmel/studio/7.0/toolchain/avr8/avr8-gnu-toolchain/bin/../lib/gcc/avr/5.4.0/avr5\libgcc.a(_copy_data.o)
 .text.libgcc.fixed
                0x00000000        0x0 c:/program files (x86)/atmel/studio/7.0/toolchain/avr8/avr8-gnu-toolchain/bin/../lib/gcc/avr/5.4.0/avr5\libgcc.a(_copy_data.o)
 .text          0x00000000        0x0 c:/program files (x86)/atmel/studio/7.0/toolchain/avr8/avr8-gnu-toolchain/bin/../lib/gcc/avr/5.4.0/avr5\libgcc.a(_clear_bss.o)
 .data          0x00000000        0x0 c:/program files (x86)/atmel/studio/7.0/toolchain/avr8/avr8-gnu-toolchain/bin/../lib/gcc/avr/5.4.0/avr5\libgcc.a(_clear_bss.o)
 .bss           0x00000000        0x0 c:/program files (x86)/atmel/studio/7.0/toolchain/avr8/avr8-gnu-toolchain/bin/../lib/gcc/avr/5.4.0/avr5\libgcc.a(_clear_bss.o)
 .text.libgcc.mul
                0x00000000        0x0 c:/program files (x86)/atmel/studio/7.0/toolchain/avr8/avr8-gnu-toolchain/bin/../lib/gcc/avr/5.4.0/avr5\libgcc.a(_clear_bss.o)
 .text.libgcc.div
                0x00000000        0x0 c:/program files (x86)/atmel/studio/7.0/toolchain/avr8/avr8-gnu-toolchain/bin/../lib/gcc/avr/5.4.0/avr5\libgcc.a(_clear_bss.o)
 .text.libgcc   0x00000000        0x0 c:/program files (x86)/atmel/studio/7.0/toolchain/avr8/avr8-gnu-toolchain/bin/../lib/gcc/avr/5.4.0/avr5\libgcc.a(_clear_bss.o)
 .text.libgcc.prologue
                0x00000000        0x0 c:/program files (x86)/atmel/studio/7.0/toolchain/avr8/avr8-gnu-toolchain/bin/../lib/gcc/avr/5.4.0/avr5\libgcc.a(_clear_bss.o)
 .text.libgcc.builtins
                0x00000000        0x0 c:/program files (x86)/atmel/studio/7.0/toolchain/avr8/avr8-gnu-toolchain/bin/../lib/gcc/avr/5.4.0/avr5\libgcc.a(_clear_bss.o)
 .text.libgcc.fmul
                0x00000000        0x0 c:/program files (x86)/atmel/studio/7.0/toolchain/avr8/avr8-gnu-toolchain/bin/../lib/gcc/avr/5.4.0/avr5\libgcc.a(_clear_bss.o)
 .text.libgcc.fixed
                0x00000000        0x0 c:/program files (x86)/atmel/studio/7.0/toolchain/avr8/avr8-gnu-toolchain/bin/../lib/gcc/avr/5.4.0/avr5\libgcc.a(_clear_bss.o)
 .text          0x00000000        0x0 c:/program files (x86)/atmel/studio/7.0/toolchain/avr8/avr8-gnu-toolchain/bin/../lib/gcc/avr/5.4.0/avr5\libgcc.a(_umulhisi3.o)
 .data          0x00000000        0x0 c:/program files (x86)/atmel/studio/7.0/toolchain/avr8/avr8-gnu-toolchain/bin/../lib/gcc/avr/5.4.0/avr5\libgcc.a(_umulhisi3.o)
 .bss           0x00000000        0x0 c:/program files (x86)/atmel/studio/7.0/toolchain/avr8/avr8-gnu-toolchain/bin/../lib/gcc/avr/5.4.0/avr5\libgcc.a(_umulhisi3.o)
 .text.libgcc.div
                0x00000000        0x0 c:/program files (x86)/atmel/studio/7.0/toolchain/avr8/avr8-gnu-toolchain/bin/../lib/gcc/avr/5.4.0/avr5\libgcc.a(_umulhisi3.o)
 .text.libgcc   0x00000000        0x0 c:/program files (x86)/atmel/studio/7.0/toolchain/avr8/avr8-gnu-toolchain/bin/../lib/gcc/avr/5.4.0/avr5\libgcc.a(_umulhisi3.o)
 .text.libgcc.prologue
                0x00000000        0x0 c:/program files (x86)/atmel/studio/7.0/toolchain/avr8/avr8-gnu-toolchain/bin/../lib/gcc/avr/5.4.0/avr5\libgcc.a(_umulhisi3.o)
 .text.libgcc.builtins
                0x00000000        0x0 c:/program files (x86)/atmel/studio/7.0/toolchain/avr8/avr8-gnu-toolchain/bin/../lib/gcc/avr/5.4.0/avr5\libgcc.a(_umulhisi3.o)
 .text.libgcc.fmul
                0x00000000        0x0 c:/program files (x86)/atmel/studio/7.0/toolchain/avr8/avr8-gnu-toolchain/bin/../lib/gcc/avr/5.4.0/avr5\libgcc.a(_umulhisi3.o)
 .text.libgcc.fixed
                0x00000000        0x0 c:/program files (x86)/atmel/studio/7.0/toolchain/avr8/avr8-gnu-toolchain/bin/../lib/gcc/avr/5.4.0/avr5\libgcc.a(_umulhisi3.o)

Memory Configuration

Name             Origin             Length             Attributes
text             0x00000000         0x00008000         xr
data             0x00800060         0x00000800         rw !x
eeprom           0x00810000         0x00000400         rw !x
fuse             0x00820000         0x00000002         rw !x
lock             0x00830000         0x00000400         rw !x
signature        0x00840000         0x00000400         rw !x
user_signatures  0x00850000         0x00000400         rw !x
*default*        0x00000000         0xffffffff

Linker script and memory map

LOAD C:/Program Files (x86)/Atmel/Studio/7.0/Packs/atmel/ATmega_DFP/1.7.374/gcc/dev/atmega32/avr5/crtatmega32.o
LOAD APP/Application/main.o
LOAD APP/CFG/KeyPad_Cfg.o
LOAD APP/CFG/LCD_Cfg.o
LOAD APP/CFG/PORT_Lcfg.o
LOAD HAL/Button/Button_Core.o
LOAD HAL/KeyPad/KeyPad_Core.o
LOAD HAL/LCD/LCD_Core.o
LOAD HAL/LED/LED_Core.o
LOAD HAL/SVN_Segment/SVN_Segment.o
LOAD MCAL/ADC/ADC_Core.o
LOAD MCAL/DIO/DIO_Core.o
LOAD MCAL/IRQH/IRQH_Core.o
LOAD MCAL/PORT/PORT_Core.o
START GROUP
LOAD c:/program files (x86)/atmel/studio/7.0/toolchain/avr8/avr8-gnu-toolchain/bin/../lib/gcc/avr/5.4.0/../../../../avr/lib/avr5\libm.a
END GROUP
START GROUP
LOAD c:/program files (x86)/atmel/studio/7.0/toolchain/avr8/avr8-gnu-toolchain/bin/../lib/gcc/avr/5.4.0/avr5\libgcc.a
LOAD c:/program files (x86)/atmel/studio/7.0/toolchain/avr8/avr8-gnu-toolchain/bin/../lib/gcc/avr/5.4.0/../../../../avr/lib/avr5\libm.a
LOAD c:/program files (x86)/atmel/studio/7.0/toolchain/avr8/avr8-gnu-toolchain/bin/../lib/gcc/avr/5.4.0/../../../../avr/lib/avr5\libc.a
LOAD C:/Program Files (x86)/Atmel/Studio/7.0/Packs/atmel/ATmega_DFP/1.7.374/gcc/dev/atmega32/avr5\libatmega32.a
END GROUP
                0x00000000                __TEXT_REGION_ORIGIN__ = DEFINED (__TEXT_REGION_ORIGIN__)?__TEXT_REGION_ORIGIN__:0x0
                [0x00800060]                __DATA_REGION_ORIGIN__ = DEFINED (__DATA_REGION_ORIGIN__)?__DATA_REGION_ORIGIN__:0x800060
                [0x00008000]                __TEXT_REGION_LENGTH__ = DEFINED (__TEXT_REGION_LENGTH__)?__TEXT_REGION_LENGTH__:0x20000
                [0x00000800]                __DATA_REGION_LENGTH__ = DEFINED (__DATA_REGION_LENGTH__)?__DATA_REGION_LENGTH__:0xffa0
                [0x00000400]                __EEPROM_REGION_LENGTH__ = DEFINED (__EEPROM_REGION_LENGTH__)?__EEPROM_REGION_LENGTH__:0x10000
                [0x00000002]                __FUSE_REGION_LENGTH__ = DEFINED (__FUSE_REGION_LENGTH__)?__FUSE_REGION_LENGTH__:0x400
                0x00000400                __LOCK_REGION_LENGTH__ = DEFINED (__LOCK_REGION_LENGTH__)?__LOCK_REGION_LENGTH__:0x400
                0x00000400                __SIGNATURE_REGION_LENGTH__ = DEFINED (__SIGNATURE_REGION_LENGTH__)?__SIGNATURE_REGION_LENGTH__:0x400
                0x00000400                __USER_SIGNATURE_REGION_LENGTH__ = DEFINED (__USER_SIGNATURE_REGION_LENGTH__)?__USER_SIGNATURE_REGION_LENGTH__:0x400

.hash
 *(.hash)

.dynsym
 *(.dynsym)

.dynstr
 *(.dynstr)

.gnu.version
 *(.gnu.version)

.gnu.version_d
 *(.gnu.version_d)

.gnu.version_r
 *(.gnu.version_r)

.rel.init
 *(.rel.init)

.rela.init
 *(.rela.init)

.rel.text
 *(.rel.text)
 *(.rel.text.*)
 *(.rel.gnu.linkonce.t*)

.rela.text
 *(.rela.text)
 *(.rela.text.*)
 *(.rela.gnu.linkonce.t*)

.rel.fini
 *(.rel.fini)

.rela.fini
 *(.rela.fini)

.rel.rodata
 *(.rel.rodata)
 *(.rel.rodata.*)
 *(.rel.gnu.linkonce.r*)

.rela.rodata
 *(.rela.rodata)
 *(.rela.rodata.*)
 *(.rela.gnu.linkonce.r*)

.rel.data
 *(.rel.data)
 *(.rel.data.*)
 *(.rel.gnu.linkonce.d*)

.rela.data
 *(.rela.data)
 *(.rela.data.*)
 *(.rela.gnu.linkonce.d*)

.rel.ctors
 *(.rel.ctors)

.rela.ctors
 *(.rela.ctors)

.rel.dtors
 *(.rel.dtors)

.rela.dtors
 *(.rela.dtors)

.rel.got
 *(.rel.got)

.rela.got
 *(.rela.got)

.rel.bss
 *(.rel.bss)

.rela.bss
 *(.rela.bss)

.rel.plt
 *(.rel.plt)

.rela.plt
 *(.rela.plt)

.text           0x00000000      0x878
 *(.vectors)
 .vectors       0x00000000       0x54 C:/Program Files (x86)/Atmel/Studio/7.0/Packs/atmel/ATmega_DFP/1.7.374/gcc/dev/atmega32/avr5/crtatmega32.o
                0x00000000                __vector_default
                0x00000000                __vectors
 *(.vectors)
 *(.progmem.gcc*)
                0x00000054                . = ALIGN (0x2)
                0x00000054                __trampolines_start = .
 *(.trampolines)
 .trampolines   0x00000054        0x0 linker stubs
 *(.trampolines*)
                0x00000054                __trampolines_end = .
 *libprintf_flt.a:*(.progmem.data)
 *libc.a:*(.progmem.data)
 *(.progmem*)
                0x00000054                . = ALIGN (0x2)
 *(.jumptables)
 *(.jumptables*)
 *(.lowtext)
 *(.lowtext*)
                0x00000054                __ctors_start = .
 *(.ctors)
                0x00000054                __ctors_end = .
                0x00000054                __dtors_start = .
 *(.dtors)
                0x00000054                __dtors_end = .
 SORT(*)(.ctors)
 SORT(*)(.dtors)
 *(.init0)
 .init0         0x00000054        0x0 C:/Program Files (x86)/Atmel/Studio/7.0/Packs/atmel/ATmega_DFP/1.7.374/gcc/dev/atmega32/avr5/crtatmega32.o
                0x00000054                __init
 *(.init0)
 *(.init1)
 *(.init1)
 *(.init2)
 .init2         0x00000054        0xc C:/Program Files (x86)/Atmel/Studio/7.0/Packs/atmel/ATmega_DFP/1.7.374/gcc/dev/atmega32/avr5/crtatmega32.o
 *(.init2)
 *(.init3)
 *(.init3)
 *(.init4)
 .init4         0x00000060       0x16 c:/program files (x86)/atmel/studio/7.0/toolchain/avr8/avr8-gnu-toolchain/bin/../lib/gcc/avr/5.4.0/avr5\libgcc.a(_copy_data.o)
                0x00000060                __do_copy_data
 .init4         0x00000076       0x10 c:/program files (x86)/atmel/studio/7.0/toolchain/avr8/avr8-gnu-toolchain/bin/../lib/gcc/avr/5.4.0/avr5\libgcc.a(_clear_bss.o)
                0x00000076                __do_clear_bss
 *(.init4)
 *(.init5)
 *(.init5)
 *(.init6)
 *(.init6)
 *(.init7)
 *(.init7)
 *(.init8)
 *(.init8)
 *(.init9)
 .init9         0x00000086        0x8 C:/Program Files (x86)/Atmel/Studio/7.0/Packs/atmel/ATmega_DFP/1.7.374/gcc/dev/atmega32/avr5/crtatmega32.o
 *(.init9)
 *(.text)
 .text          0x0000008e        0x4 C:/Program Files (x86)/Atmel/Studio/7.0/Packs/atmel/ATmega_DFP/1.7.374/gcc/dev/atmega32/avr5/crtatmega32.o
                0x0000008e                __vector_1
                0x0000008e                __vector_12
                0x0000008e                __bad_interrupt
                0x0000008e                __vector_6
                0x0000008e                __vector_3
                0x0000008e                __vector_11
                0x0000008e                __vector_13
                0x0000008e                __vector_17
                0x0000008e                __vector_19
                0x0000008e                __vector_7
                0x0000008e                __vector_5
                0x0000008e                __vector_4
                0x0000008e                __vector_9
                0x0000008e                __vector_15
                0x0000008e                __vector_8
                0x0000008e                __vector_14
                0x0000008e                __vector_10
                0x0000008e                __vector_18
                0x0000008e                __vector_20
                0x00000092                . = ALIGN (0x2)
 *(.text.*)
 .text.WrapperFunction
                0x00000092       0x4c APP/Application/main.o
                0x00000092                WrapperFunction
 .text.main     0x000000de       0x28 APP/Application/main.o
                0x000000de                main
 .text.LCD_WriteCMD
                0x00000106       0xbc HAL/LCD/LCD_Core.o
                0x00000106                LCD_WriteCMD
 .text.LCD_Init
                0x000001c2       0x2c HAL/LCD/LCD_Core.o
                0x000001c2                LCD_Init
 .text.LCD_WriteDATA
                0x000001ee       0xbc HAL/LCD/LCD_Core.o
                0x000001ee                LCD_WriteDATA
 .text.LCD_WriteInt
                0x000002aa       0xde HAL/LCD/LCD_Core.o
                0x000002aa                LCD_WriteInt
 .text.LCD_GoTo
                0x00000388       0x3e HAL/LCD/LCD_Core.o
                0x00000388                LCD_GoTo
 .text.LED_Init
                0x000003c6       0x34 HAL/LED/LED_Core.o
                0x000003c6                LED_Init
 .text.LED_Toggle
                0x000003fa        0x6 HAL/LED/LED_Core.o
                0x000003fa                LED_Toggle
 .text.ADC_Init
                0x00000400       0x34 MCAL/ADC/ADC_Core.o
                0x00000400                ADC_Init
 .text.ADC_Read
                0x00000434        0x8 MCAL/ADC/ADC_Core.o
                0x00000434                ADC_Read
 .text.DIO_WriteChannel
                0x0000043c      0x10e MCAL/DIO/DIO_Core.o
                0x0000043c                DIO_WriteChannel
 .text.DIO_FlipChannel
                0x0000054a       0x82 MCAL/DIO/DIO_Core.o
                0x0000054a                DIO_FlipChannel
 .text.IRQH_SetGlobalINT
                0x000005cc       0x18 MCAL/IRQH/IRQH_Core.o
                0x000005cc                IRQH_SetGlobalINT
 .text.IRQH_SetCallBacks
                0x000005e4       0x12 MCAL/IRQH/IRQH_Core.o
                0x000005e4                IRQH_SetCallBacks
 .text.__vector_2
                0x000005f6       0x52 MCAL/IRQH/IRQH_Core.o
                0x000005f6                __vector_2
 .text.__vector_16
                0x00000648       0x84 MCAL/IRQH/IRQH_Core.o
                0x00000648                __vector_16
 .text.PORT_Init
                0x000006cc      0x108 MCAL/PORT/PORT_Core.o
                0x000006cc                PORT_Init
 .text.libgcc.div
                0x000007d4       0x44 c:/program files (x86)/atmel/studio/7.0/toolchain/avr8/avr8-gnu-toolchain/bin/../lib/gcc/avr/5.4.0/avr5\libgcc.a(_udivmodsi4.o)
                0x000007d4                __udivmodsi4
 .text.libgcc.div
                0x00000818       0x2e c:/program files (x86)/atmel/studio/7.0/toolchain/avr8/avr8-gnu-toolchain/bin/../lib/gcc/avr/5.4.0/avr5\libgcc.a(_divmodsi4.o)
                0x00000818                __divmodsi4
 .text.libgcc.div
                0x00000846       0x10 c:/program files (x86)/atmel/studio/7.0/toolchain/avr8/avr8-gnu-toolchain/bin/../lib/gcc/avr/5.4.0/avr5\libgcc.a(_negsi2.o)
                0x00000846                __negsi2
 .text.libgcc.mul
                0x00000856       0x1e c:/program files (x86)/atmel/studio/7.0/toolchain/avr8/avr8-gnu-toolchain/bin/../lib/gcc/avr/5.4.0/avr5\libgcc.a(_umulhisi3.o)
                0x00000856                __umulhisi3
                0x00000874                . = ALIGN (0x2)
 *(.fini9)
 .fini9         0x00000874        0x0 c:/program files (x86)/atmel/studio/7.0/toolchain/avr8/avr8-gnu-toolchain/bin/../lib/gcc/avr/5.4.0/avr5\libgcc.a(_exit.o)
                0x00000874                _exit
                0x00000874                exit
 *(.fini9)
 *(.fini8)
 *(.fini8)
 *(.fini7)
 *(.fini7)
 *(.fini6)
 *(.fini6)
 *(.fini5)
 *(.fini5)
 *(.fini4)
 *(.fini4)
 *(.fini3)
 *(.fini3)
 *(.fini2)
 *(.fini2)
 *(.fini1)
 *(.fini1)
 *(.fini0)
 .fini0         0x00000874        0x4 c:/program files (x86)/atmel/studio/7.0/toolchain/avr8/avr8-gnu-toolchain/bin/../lib/gcc/avr/5.4.0/avr5\libgcc.a(_exit.o)
 *(.fini0)
                0x00000878                _etext = .

.data           0x00800060       0x28 load address 0x00000878
                0x00800060                PROVIDE (__data_start, .)
 *(.data)
 *(.data*)
 .data.PORT_Init_Pins
                0x00800060       0x28 APP/CFG/PORT_Lcfg.o
                0x00800060                PORT_Init_Pins
 *(.gnu.linkonce.d*)
 *(.rodata)
 *(.rodata*)
 *(.gnu.linkonce.r*)
                0x00800088                . = ALIGN (0x2)
                0x00800088                _edata = .
                0x00800088                PROVIDE (__data_end, .)

.bss            0x00800088       0x2c
                0x00800088                PROVIDE (__bss_start, .)
 *(.bss)
 *(.bss*)
 .bss.CallBack_PtrFunc
                0x00800088       0x28 MCAL/IRQH/IRQH_Core.o
                0x00800088                CallBack_PtrFunc
 *(COMMON)
 COMMON         0x008000b0        0x4 MCAL/ADC/ADC_Core.o
                0x008000b0                ADC_VinValue_mv
                0x008000b4                PROVIDE (__bss_end, .)
                0x00000878                __data_load_start = LOADADDR (.data)
                0x000008a0                __data_load_end = (__data_load_start + SIZEOF (.data))

.noinit         0x008000b4        0x0
                [!provide]                PROVIDE (__noinit_start, .)
 *(.noinit*)
                [!provide]                PROVIDE (__noinit_end, .)
                0x008000b4                _end = .
                [!provide]                PROVIDE (__heap_start, .)

.eeprom         0x00810000        0x0
 *(.eeprom*)
                0x00810000                __eeprom_end = .

.fuse
 *(.fuse)
 *(.lfuse)
 *(.hfuse)
 *(.efuse)

.lock
 *(.lock*)

.signature
 *(.signature*)

.user_signatures
 *(.user_signatures*)

.stab
 *(.stab)

.stabstr
 *(.stabstr)

.stab.excl
 *(.stab.excl)

.stab.exclstr
 *(.stab.exclstr)

.stab.index
 *(.stab.index)

.stab.indexstr
 *(.stab.indexstr)

.comment        0x00000000       0x30
 *(.comment)
 .comment       0x00000000       0x30 APP/Application/main.o
                                 0x31 (size before relaxing)
 .comment       0x00000030       0x31 APP/CFG/PORT_Lcfg.o
 .comment       0x00000030       0x31 HAL/LCD/LCD_Core.o
 .comment       0x00000030       0x31 HAL/LED/LED_Core.o
 .comment       0x00000030       0x31 MCAL/ADC/ADC_Core.o
 .comment       0x00000030       0x31 MCAL/DIO/DIO_Core.o
 .comment       0x00000030       0x31 MCAL/IRQH/IRQH_Core.o
 .comment       0x00000030       0x31 MCAL/PORT/PORT_Core.o

.note.gnu.avr.deviceinfo
                0x00000000       0x3c
 .note.gnu.avr.deviceinfo
                0x00000000       0x3c C:/Program Files (x86)/Atmel/Studio/7.0/Packs/atmel/ATmega_DFP/1.7.374/gcc/dev/atmega32/avr5/crtatmega32.o

.note.gnu.build-id
 *(.note.gnu.build-id)

.debug
 *(.debug)

.line
 *(.line)

.debug_srcinfo
 *(.debug_srcinfo)

.debug_sfnames
 *(.debug_sfnames)

.debug_aranges  0x00000000      0x1a8
 *(.debug_aranges)
 .debug_aranges
                0x00000000       0x28 APP/Application/main.o
 .debug_aranges
                0x00000028       0x18 APP/CFG/PORT_Lcfg.o
 .debug_aranges
                0x00000040       0x60 HAL/LCD/LCD_Core.o
 .debug_aranges
                0x000000a0       0x38 HAL/LED/LED_Core.o
 .debug_aranges
                0x000000d8       0x28 MCAL/ADC/ADC_Core.o
 .debug_aranges
                0x00000100       0x48 MCAL/DIO/DIO_Core.o
 .debug_aranges
                0x00000148       0x40 MCAL/IRQH/IRQH_Core.o
 .debug_aranges
                0x00000188       0x20 MCAL/PORT/PORT_Core.o

.debug_pubnames
 *(.debug_pubnames)

.debug_info     0x00000000     0x1a13
 *(.debug_info .gnu.linkonce.wi.*)
 .debug_info    0x00000000      0x4e6 C:/Program Files (x86)/Atmel/Studio/7.0/Packs/atmel/ATmega_DFP/1.7.374/gcc/dev/atmega32/avr5/crtatmega32.o
 .debug_info    0x000004e6      0x1e9 APP/Application/main.o
 .debug_info    0x000006cf      0x1b6 APP/CFG/PORT_Lcfg.o
 .debug_info    0x00000885      0x881 HAL/LCD/LCD_Core.o
 .debug_info    0x00001106      0x1c3 HAL/LED/LED_Core.o
 .debug_info    0x000012c9       0xc6 MCAL/ADC/ADC_Core.o
 .debug_info    0x0000138f      0x290 MCAL/DIO/DIO_Core.o
 .debug_info    0x0000161f      0x1a2 MCAL/IRQH/IRQH_Core.o
 .debug_info    0x000017c1      0x252 MCAL/PORT/PORT_Core.o

.debug_abbrev   0x00000000      0xc23
 *(.debug_abbrev)
 .debug_abbrev  0x00000000      0x4a3 C:/Program Files (x86)/Atmel/Studio/7.0/Packs/atmel/ATmega_DFP/1.7.374/gcc/dev/atmega32/avr5/crtatmega32.o
 .debug_abbrev  0x000004a3       0xc2 APP/Application/main.o
 .debug_abbrev  0x00000565       0x7f APP/CFG/PORT_Lcfg.o
 .debug_abbrev  0x000005e4      0x20d HAL/LCD/LCD_Core.o
 .debug_abbrev  0x000007f1       0xc3 HAL/LED/LED_Core.o
 .debug_abbrev  0x000008b4       0x7e MCAL/ADC/ADC_Core.o
 .debug_abbrev  0x00000932      0x108 MCAL/DIO/DIO_Core.o
 .debug_abbrev  0x00000a3a      0x11d MCAL/IRQH/IRQH_Core.o
 .debug_abbrev  0x00000b57       0xcc MCAL/PORT/PORT_Core.o

.debug_line     0x00000000      0xcf5
 *(.debug_line .debug_line.* .debug_line_end)
 .debug_line    0x00000000      0x116 C:/Program Files (x86)/Atmel/Studio/7.0/Packs/atmel/ATmega_DFP/1.7.374/gcc/dev/atmega32/avr5/crtatmega32.o
 .debug_line    0x00000116      0x133 APP/Application/main.o
 .debug_line    0x00000249       0x53 APP/CFG/PORT_Lcfg.o
 .debug_line    0x0000029c      0x3db HAL/LCD/LCD_Core.o
 .debug_line    0x00000677       0xf1 HAL/LED/LED_Core.o
 .debug_line    0x00000768       0xa2 MCAL/ADC/ADC_Core.o
 .debug_line    0x0000080a      0x252 MCAL/DIO/DIO_Core.o
 .debug_line    0x00000a5c      0x17a MCAL/IRQH/IRQH_Core.o
 .debug_line    0x00000bd6      0x11f MCAL/PORT/PORT_Core.o

.debug_frame    0x00000000      0x360
 *(.debug_frame)
 .debug_frame   0x00000000       0x34 APP/Application/main.o
 .debug_frame   0x00000034      0x118 HAL/LCD/LCD_Core.o
 .debug_frame   0x0000014c       0x54 HAL/LED/LED_Core.o
 .debug_frame   0x000001a0       0x34 MCAL/ADC/ADC_Core.o
 .debug_frame   0x000001d4       0x74 MCAL/DIO/DIO_Core.o
 .debug_frame   0x00000248       0xf4 MCAL/IRQH/IRQH_Core.o
 .debug_frame   0x0000033c       0x24 MCAL/PORT/PORT_Core.o

.debug_str      0x00000000      0x871
 *(.debug_str)
 .debug_str     0x00000000      0x196 C:/Program Files (x86)/Atmel/Studio/7.0/Packs/atmel/ATmega_DFP/1.7.374/gcc/dev/atmega32/avr5/crtatmega32.o
 .debug_str     0x00000196      0x1f6 APP/Application/main.o
                                0x22a (size before relaxing)
 .debug_str     0x0000038c      0x212 APP/CFG/PORT_Lcfg.o
                                0x351 (size before relaxing)
 .debug_str     0x0000059e      0x12e HAL/LCD/LCD_Core.o
                                0x2d9 (size before relaxing)
 .debug_str     0x000006cc       0x49 HAL/LED/LED_Core.o
                                0x1c4 (size before relaxing)
 .debug_str     0x00000715       0x28 MCAL/ADC/ADC_Core.o
                                0x196 (size before relaxing)
 .debug_str     0x0000073d       0x89 MCAL/DIO/DIO_Core.o
                                0x214 (size before relaxing)
 .debug_str     0x000007c6       0x85 MCAL/IRQH/IRQH_Core.o
                                0x251 (size before relaxing)
 .debug_str     0x0000084b       0x26 MCAL/PORT/PORT_Core.o
                                0x378 (size before relaxing)

.debug_loc      0x00000000      0xe65
 *(.debug_loc)
 .debug_loc     0x00000000      0x5b4 HAL/LCD/LCD_Core.o
 .debug_loc     0x000005b4       0xcf HAL/LED/LED_Core.o
 .debug_loc     0x00000683      0x4a8 MCAL/DIO/DIO_Core.o
 .debug_loc     0x00000b2b      0x1e9 MCAL/IRQH/IRQH_Core.o
 .debug_loc     0x00000d14      0x151 MCAL/PORT/PORT_Core.o

.debug_macinfo
 *(.debug_macinfo)

.debug_weaknames
 *(.debug_weaknames)

.debug_funcnames
 *(.debug_funcnames)

.debug_typenames
 *(.debug_typenames)

.debug_varnames
 *(.debug_varnames)

.debug_pubtypes
 *(.debug_pubtypes)

.debug_ranges   0x00000000      0x120
 *(.debug_ranges)
 .debug_ranges  0x00000000       0x18 APP/Application/main.o
 .debug_ranges  0x00000018       0x50 HAL/LCD/LCD_Core.o
 .debug_ranges  0x00000068       0x28 HAL/LED/LED_Core.o
 .debug_ranges  0x00000090       0x18 MCAL/ADC/ADC_Core.o
 .debug_ranges  0x000000a8       0x38 MCAL/DIO/DIO_Core.o
 .debug_ranges  0x000000e0       0x30 MCAL/IRQH/IRQH_Core.o
 .debug_ranges  0x00000110       0x10 MCAL/PORT/PORT_Core.o

.debug_macro
 *(.debug_macro)
OUTPUT(COTS.elf elf32-avr)
LOAD linker stubs
